Archive member included to satisfy reference by file (symbol)

/opt/xpack-riscv-none-elf-gcc-13.2.0-2/bin/../lib/gcc/riscv-none-elf/13.2.0/rv32ima/ilp32/libgcc.a(muldf3.o)
                              ./src/bsp/hbird-e200/stubs/printf.o (__muldf3)
/opt/xpack-riscv-none-elf-gcc-13.2.0-2/bin/../lib/gcc/riscv-none-elf/13.2.0/rv32ima/ilp32/libgcc.a(fixunsdfsi.o)
                              ./src/bsp/hbird-e200/stubs/printf.o (__fixunsdfsi)
/opt/xpack-riscv-none-elf-gcc-13.2.0-2/bin/../lib/gcc/riscv-none-elf/13.2.0/rv32ima/ilp32/libgcc.a(_clzsi2.o)
                              /opt/xpack-riscv-none-elf-gcc-13.2.0-2/bin/../lib/gcc/riscv-none-elf/13.2.0/rv32ima/ilp32/libgcc.a(muldf3.o) (__clzsi2)
/opt/xpack-riscv-none-elf-gcc-13.2.0-2/bin/../lib/gcc/riscv-none-elf/13.2.0/rv32ima/ilp32/libgcc.a(_clz.o)
                              /opt/xpack-riscv-none-elf-gcc-13.2.0-2/bin/../lib/gcc/riscv-none-elf/13.2.0/rv32ima/ilp32/libgcc.a(_clzsi2.o) (__clz_tab)
/opt/xpack-riscv-none-elf-gcc-13.2.0-2/bin/../lib/gcc/riscv-none-elf/13.2.0/../../../../riscv-none-elf/lib/rv32ima/ilp32/libg_nano.a(libc_a-atexit.o)
                              ./src/bsp/hbird-e200/env/start.o (atexit)
/opt/xpack-riscv-none-elf-gcc-13.2.0-2/bin/../lib/gcc/riscv-none-elf/13.2.0/../../../../riscv-none-elf/lib/rv32ima/ilp32/libg_nano.a(libc_a-exit.o)
                              ./src/bsp/hbird-e200/env/start.o (exit)
/opt/xpack-riscv-none-elf-gcc-13.2.0-2/bin/../lib/gcc/riscv-none-elf/13.2.0/../../../../riscv-none-elf/lib/rv32ima/ilp32/libg_nano.a(libc_a-findfp.o)
                              /opt/xpack-riscv-none-elf-gcc-13.2.0-2/bin/../lib/gcc/riscv-none-elf/13.2.0/../../../../riscv-none-elf/lib/rv32ima/ilp32/libg_nano.a(libc_a-exit.o) (__stdio_exit_handler)
/opt/xpack-riscv-none-elf-gcc-13.2.0-2/bin/../lib/gcc/riscv-none-elf/13.2.0/../../../../riscv-none-elf/lib/rv32ima/ilp32/libg_nano.a(libc_a-fwalk.o)
                              /opt/xpack-riscv-none-elf-gcc-13.2.0-2/bin/../lib/gcc/riscv-none-elf/13.2.0/../../../../riscv-none-elf/lib/rv32ima/ilp32/libg_nano.a(libc_a-findfp.o) (_fwalk_sglue)
/opt/xpack-riscv-none-elf-gcc-13.2.0-2/bin/../lib/gcc/riscv-none-elf/13.2.0/../../../../riscv-none-elf/lib/rv32ima/ilp32/libg_nano.a(libc_a-printf.o)
                              ./src/bsp/hbird-e200/env/init.o (printf)
/opt/xpack-riscv-none-elf-gcc-13.2.0-2/bin/../lib/gcc/riscv-none-elf/13.2.0/../../../../riscv-none-elf/lib/rv32ima/ilp32/libg_nano.a(libc_a-stdio.o)
                              /opt/xpack-riscv-none-elf-gcc-13.2.0-2/bin/../lib/gcc/riscv-none-elf/13.2.0/../../../../riscv-none-elf/lib/rv32ima/ilp32/libg_nano.a(libc_a-findfp.o) (__sread)
/opt/xpack-riscv-none-elf-gcc-13.2.0-2/bin/../lib/gcc/riscv-none-elf/13.2.0/../../../../riscv-none-elf/lib/rv32ima/ilp32/libg_nano.a(libc_a-strnlen.o)
                              ./src/bsp/hbird-e200/stubs/printf.o (strnlen)
/opt/xpack-riscv-none-elf-gcc-13.2.0-2/bin/../lib/gcc/riscv-none-elf/13.2.0/../../../../riscv-none-elf/lib/rv32ima/ilp32/libg_nano.a(libc_a-closer.o)
                              /opt/xpack-riscv-none-elf-gcc-13.2.0-2/bin/../lib/gcc/riscv-none-elf/13.2.0/../../../../riscv-none-elf/lib/rv32ima/ilp32/libg_nano.a(libc_a-stdio.o) (_close_r)
/opt/xpack-riscv-none-elf-gcc-13.2.0-2/bin/../lib/gcc/riscv-none-elf/13.2.0/../../../../riscv-none-elf/lib/rv32ima/ilp32/libg_nano.a(libc_a-reent.o)
                              /opt/xpack-riscv-none-elf-gcc-13.2.0-2/bin/../lib/gcc/riscv-none-elf/13.2.0/../../../../riscv-none-elf/lib/rv32ima/ilp32/libg_nano.a(libc_a-closer.o) (errno)
/opt/xpack-riscv-none-elf-gcc-13.2.0-2/bin/../lib/gcc/riscv-none-elf/13.2.0/../../../../riscv-none-elf/lib/rv32ima/ilp32/libg_nano.a(libc_a-impure.o)
                              /opt/xpack-riscv-none-elf-gcc-13.2.0-2/bin/../lib/gcc/riscv-none-elf/13.2.0/../../../../riscv-none-elf/lib/rv32ima/ilp32/libg_nano.a(libc_a-printf.o) (_impure_ptr)
/opt/xpack-riscv-none-elf-gcc-13.2.0-2/bin/../lib/gcc/riscv-none-elf/13.2.0/../../../../riscv-none-elf/lib/rv32ima/ilp32/libg_nano.a(libc_a-lseekr.o)
                              /opt/xpack-riscv-none-elf-gcc-13.2.0-2/bin/../lib/gcc/riscv-none-elf/13.2.0/../../../../riscv-none-elf/lib/rv32ima/ilp32/libg_nano.a(libc_a-stdio.o) (_lseek_r)
/opt/xpack-riscv-none-elf-gcc-13.2.0-2/bin/../lib/gcc/riscv-none-elf/13.2.0/../../../../riscv-none-elf/lib/rv32ima/ilp32/libg_nano.a(libc_a-readr.o)
                              /opt/xpack-riscv-none-elf-gcc-13.2.0-2/bin/../lib/gcc/riscv-none-elf/13.2.0/../../../../riscv-none-elf/lib/rv32ima/ilp32/libg_nano.a(libc_a-stdio.o) (_read_r)
/opt/xpack-riscv-none-elf-gcc-13.2.0-2/bin/../lib/gcc/riscv-none-elf/13.2.0/../../../../riscv-none-elf/lib/rv32ima/ilp32/libg_nano.a(libc_a-writer.o)
                              /opt/xpack-riscv-none-elf-gcc-13.2.0-2/bin/../lib/gcc/riscv-none-elf/13.2.0/../../../../riscv-none-elf/lib/rv32ima/ilp32/libg_nano.a(libc_a-stdio.o) (_write_r)
[...]
Memory Configuration

Name             Origin             Length             Attributes
itcm             0x80000000         0x00004000         axrl!w
ram              0x90000000         0x00004000         axw!rl
*default*        0x00000000         0xffffffff

Linker script and memory map

LOAD ./src/bsp/hbird-e200/stubs/_exit.o
LOAD ./src/bsp/hbird-e200/stubs/close.o
LOAD ./src/bsp/hbird-e200/stubs/fstat.o
LOAD ./src/bsp/hbird-e200/stubs/isatty.o
LOAD ./src/bsp/hbird-e200/stubs/lseek.o
LOAD ./src/bsp/hbird-e200/stubs/malloc.o
LOAD ./src/bsp/hbird-e200/stubs/printf.o
LOAD ./src/bsp/hbird-e200/stubs/read.o
LOAD ./src/bsp/hbird-e200/stubs/sbrk.o
LOAD ./src/bsp/hbird-e200/stubs/write.o
LOAD ./src/bsp/hbird-e200/stubs/write_hex.o
LOAD ./src/bsp/hbird-e200/env/entry.o
LOAD ./src/bsp/hbird-e200/env/init.o
LOAD ./src/bsp/hbird-e200/env/start.o
LOAD ./src/bsp/hbird-e200/drivers/plic/plic_driver.o
LOAD ./src/bsp/hbird-e200/drivers/hclkgen/hclkgen_driver.o
LOAD ./src/bsp/hbird-e200/drivers/bitmap/bitmap.o
LOAD ./src/main.o
LOAD /opt/xpack-riscv-none-elf-gcc-13.2.0-2/bin/../lib/gcc/riscv-none-elf/13.2.0/rv32ima/ilp32/libgcc.a
LOAD /opt/xpack-riscv-none-elf-gcc-13.2.0-2/bin/../lib/gcc/riscv-none-elf/13.2.0/../../../../riscv-none-elf/lib/rv32ima/ilp32/libg_nano.a
LOAD /opt/xpack-riscv-none-elf-gcc-13.2.0-2/bin/../lib/gcc/riscv-none-elf/13.2.0/../../../../riscv-none-elf/lib/rv32ima/ilp32/libc_nano.a
LOAD /opt/xpack-riscv-none-elf-gcc-13.2.0-2/bin/../lib/gcc/riscv-none-elf/13.2.0/rv32ima/ilp32/libgcc.a
START GROUP
LOAD /opt/xpack-riscv-none-elf-gcc-13.2.0-2/bin/../lib/gcc/riscv-none-elf/13.2.0/rv32ima/ilp32/libgcc.a
LOAD /opt/xpack-riscv-none-elf-gcc-13.2.0-2/bin/../lib/gcc/riscv-none-elf/13.2.0/../../../../riscv-none-elf/lib/rv32ima/ilp32/libc_nano.a
LOAD /opt/xpack-riscv-none-elf-gcc-13.2.0-2/bin/../lib/gcc/riscv-none-elf/13.2.0/../../../../riscv-none-elf/lib/rv32ima/ilp32/libgloss_nano.a
END GROUP
                0x00000800                        __stack_size = DEFINED (__stack_size)?__stack_size:0x800

.init           0x80000000       0xc0
 *(SORT_NONE(.init))
 .init          0x80000000       0xc0 ./src/bsp/hbird-e200/env/start.o
                0x80000000                _start

.ilalign        0x800000c0        0x0
                0x800000c0                        . = ALIGN (0x4)
                0x800000c0                        PROVIDE (_itcm_lma = .)

.ialign         0x800000c0        0x0
                0x800000c0                        PROVIDE (_itcm = .)

.text           0x800000c0     0x22ec
 *(.text.unlikely .text.unlikely.*)
 *(.text.startup .text.startup.*)
 .text.startup.main
                0x800000c0       0xd8 ./src/main.o
                0x800000c0                main
 *(.text .text.*)
 .text._exit    0x80000198       0x94 ./src/bsp/hbird-e200/stubs/_exit.o
                0x80000198                _exit
 .text._close   0x8000022c        0x8 ./src/bsp/hbird-e200/stubs/close.o
                0x8000022c                _close
 .text._fstat   0x80000234       0x3c ./src/bsp/hbird-e200/stubs/fstat.o
                0x80000234                _fstat
 .text._isatty  0x80000270        0xc ./src/bsp/hbird-e200/stubs/isatty.o
                0x80000270                _isatty
 .text._lseek   0x8000027c       0x20 ./src/bsp/hbird-e200/stubs/lseek.o
                0x8000027c                _lseek
 .text._read    0x8000029c        0x8 ./src/bsp/hbird-e200/stubs/read.o
                0x8000029c                _read
 .text._sbrk    0x800002a4       0x38 ./src/bsp/hbird-e200/stubs/sbrk.o
                0x800002a4                _sbrk
 .text._write   0x800002dc       0x88 ./src/bsp/hbird-e200/stubs/write.o
                0x800002dc                _write
 .text.write_hex
                0x80000364       0xd4 ./src/bsp/hbird-e200/stubs/write_hex.o
                0x80000364                write_hex
 .text.entry    0x80000438       0xa0 ./src/bsp/hbird-e200/env/entry.o
                0x80000438                trap_entry
 .text.measure_cpu_freq
                0x800004d8       0x50 ./src/bsp/hbird-e200/env/init.o
 .text.handle_m_ext_interrupt
                0x80000528        0x4 ./src/bsp/hbird-e200/env/init.o
                0x80000528                handle_m_ext_interrupt
 .text.handle_m_time_interrupt
                0x8000052c        0x4 ./src/bsp/hbird-e200/env/init.o
                0x8000052c                handle_m_time_interrupt
 .text.handle_trap
                0x80000530       0x88 ./src/bsp/hbird-e200/env/init.o
                0x80000530                handle_trap
 .text._init    0x800005b8       0xb4 ./src/bsp/hbird-e200/env/init.o
                0x800005b8                _init
 .text._fini    0x8000066c        0x4 ./src/bsp/hbird-e200/env/init.o
                0x8000066c                _fini
 .text.atexit   0x80000670       0x14 /opt/xpack-riscv-none-elf-gcc-13.2.0-2/bin/../lib/gcc/riscv-none-elf/13.2.0/../../../../riscv-none-elf/lib/rv32ima/ilp32/libg_nano.a(libc_a-atexit.o)
                0x80000670                atexit
 .text.exit     0x80000684       0x38 /opt/xpack-riscv-none-elf-gcc-13.2.0-2/bin/../lib/gcc/riscv-none-elf/13.2.0/../../../../riscv-none-elf/lib/rv32ima/ilp32/libg_nano.a(libc_a-exit.o)
                0x80000684                exit
 .text.std      0x800006bc       0xbc /opt/xpack-riscv-none-elf-gcc-13.2.0-2/bin/../lib/gcc/riscv-none-elf/13.2.0/../../../../riscv-none-elf/lib/rv32ima/ilp32/libg_nano.a(libc_a-findfp.o)
 .text.stdio_exit_handler
                0x80000778       0x1c /opt/xpack-riscv-none-elf-gcc-13.2.0-2/bin/../lib/gcc/riscv-none-elf/13.2.0/../../../../riscv-none-elf/lib/rv32ima/ilp32/libg_nano.a(libc_a-findfp.o)
 .text.cleanup_stdio
                0x80000794       0x6c /opt/xpack-riscv-none-elf-gcc-13.2.0-2/bin/../lib/gcc/riscv-none-elf/13.2.0/../../../../riscv-none-elf/lib/rv32ima/ilp32/libg_nano.a(libc_a-findfp.o)
 .text.global_stdio_init.part.0
                0x80000800       0x54 /opt/xpack-riscv-none-elf-gcc-13.2.0-2/bin/../lib/gcc/riscv-none-elf/13.2.0/../../../../riscv-none-elf/lib/rv32ima/ilp32/libg_nano.a(libc_a-findfp.o)
 .text.__sfp_lock_acquire
                0x80000854        0x8 /opt/xpack-riscv-none-elf-gcc-13.2.0-2/bin/../lib/gcc/riscv-none-elf/13.2.0/../../../../riscv-none-elf/lib/rv32ima/ilp32/libg_nano.a(libc_a-findfp.o)
                0x80000854                __sfp_lock_acquire
 .text.__sfp_lock_release
                0x8000085c        0x8 /opt/xpack-riscv-none-elf-gcc-13.2.0-2/bin/../lib/gcc/riscv-none-elf/13.2.0/../../../../riscv-none-elf/lib/rv32ima/ilp32/libg_nano.a(libc_a-findfp.o)
                0x8000085c                __sfp_lock_release
 .text.__sinit  0x80000864       0x48 /opt/xpack-riscv-none-elf-gcc-13.2.0-2/bin/../lib/gcc/riscv-none-elf/13.2.0/../../../../riscv-none-elf/lib/rv32ima/ilp32/libg_nano.a(libc_a-findfp.o)
                0x80000864                __sinit
 .text._fwalk_sglue
                0x800008ac       0xb0 /opt/xpack-riscv-none-elf-gcc-13.2.0-2/bin/../lib/gcc/riscv-none-elf/13.2.0/../../../../riscv-none-elf/lib/rv32ima/ilp32/libg_nano.a(libc_a-fwalk.o)
                0x800008ac                _fwalk_sglue
 .text.printf   0x8000095c       0x50 /opt/xpack-riscv-none-elf-gcc-13.2.0-2/bin/../lib/gcc/riscv-none-elf/13.2.0/../../../../riscv-none-elf/lib/rv32ima/ilp32/libg_nano.a(libc_a-printf.o)
                0x8000095c                printf
                0x8000095c                iprintf
 .text.__sread  0x800009ac       0x50 /opt/xpack-riscv-none-elf-gcc-13.2.0-2/bin/../lib/gcc/riscv-none-elf/13.2.0/../../../../riscv-none-elf/lib/rv32ima/ilp32/libg_nano.a(libc_a-stdio.o)
                0x800009ac                __sread
 .text.__swrite
                0x800009fc       0x84 /opt/xpack-riscv-none-elf-gcc-13.2.0-2/bin/../lib/gcc/riscv-none-elf/13.2.0/../../../../riscv-none-elf/lib/rv32ima/ilp32/libg_nano.a(libc_a-stdio.o)
                0x800009fc                __swrite
 .text.__sseek  0x80000a80       0x58 /opt/xpack-riscv-none-elf-gcc-13.2.0-2/bin/../lib/gcc/riscv-none-elf/13.2.0/../../../../riscv-none-elf/lib/rv32ima/ilp32/libg_nano.a(libc_a-stdio.o)
                0x80000a80                __sseek
 .text.__sclose
                0x80000ad8        0x8 /opt/xpack-riscv-none-elf-gcc-13.2.0-2/bin/../lib/gcc/riscv-none-elf/13.2.0/../../../../riscv-none-elf/lib/rv32ima/ilp32/libg_nano.a(libc_a-stdio.o)
                0x80000ad8                __sclose
 .text._close_r
                0x80000ae0       0x40 /opt/xpack-riscv-none-elf-gcc-13.2.0-2/bin/../lib/gcc/riscv-none-elf/13.2.0/../../../../riscv-none-elf/lib/rv32ima/ilp32/libg_nano.a(libc_a-closer.o)
                0x80000ae0                _close_r
 .text._lseek_r
                0x80000b20       0x48 /opt/xpack-riscv-none-elf-gcc-13.2.0-2/bin/../lib/gcc/riscv-none-elf/13.2.0/../../../../riscv-none-elf/lib/rv32ima/ilp32/libg_nano.a(libc_a-lseekr.o)
                0x80000b20                _lseek_r
 .text._read_r  0x80000b68       0x48 /opt/xpack-riscv-none-elf-gcc-13.2.0-2/bin/../lib/gcc/riscv-none-elf/13.2.0/../../../../riscv-none-elf/lib/rv32ima/ilp32/libg_nano.a(libc_a-readr.o)
                0x80000b68                _read_r
 .text._write_r
                0x80000bb0       0x48 /opt/xpack-riscv-none-elf-gcc-13.2.0-2/bin/../lib/gcc/riscv-none-elf/13.2.0/../../../../riscv-none-elf/lib/rv32ima/ilp32/libg_nano.a(libc_a-writer.o)
                0x80000bb0                _write_r
 .text.__libc_init_array
                0x80000bf8       0x94 /opt/xpack-riscv-none-elf-gcc-13.2.0-2/bin/../lib/gcc/riscv-none-elf/13.2.0/../../../../riscv-none-elf/lib/rv32ima/ilp32/libg_nano.a(libc_a-init.o)
                0x80000bf8                __libc_init_array
 .text.__libc_fini_array
                0x80000c8c       0x58 /opt/xpack-riscv-none-elf-gcc-13.2.0-2/bin/../lib/gcc/riscv-none-elf/13.2.0/../../../../riscv-none-elf/lib/rv32ima/ilp32/libg_nano.a(libc_a-fini.o)
                0x80000c8c                __libc_fini_array
 .text.__retarget_lock_init_recursive
                0x80000ce4        0x4 /opt/xpack-riscv-none-elf-gcc-13.2.0-2/bin/../lib/gcc/riscv-none-elf/13.2.0/../../../../riscv-none-elf/lib/rv32ima/ilp32/libg_nano.a(libc_a-lock.o)
                0x80000ce4                __retarget_lock_init_recursive
 .text.__retarget_lock_acquire_recursive
                0x80000ce8        0x4 /opt/xpack-riscv-none-elf-gcc-13.2.0-2/bin/../lib/gcc/riscv-none-elf/13.2.0/../../../../riscv-none-elf/lib/rv32ima/ilp32/libg_nano.a(libc_a-lock.o)
                0x80000ce8                __retarget_lock_acquire_recursive
 .text.__retarget_lock_release_recursive
                0x80000cec        0x4 /opt/xpack-riscv-none-elf-gcc-13.2.0-2/bin/../lib/gcc/riscv-none-elf/13.2.0/../../../../riscv-none-elf/lib/rv32ima/ilp32/libg_nano.a(libc_a-lock.o)
                0x80000cec                __retarget_lock_release_recursive
 .text.isatty   0x80000cf0        0x4 /opt/xpack-riscv-none-elf-gcc-13.2.0-2/bin/../lib/gcc/riscv-none-elf/13.2.0/../../../../riscv-none-elf/lib/rv32ima/ilp32/libg_nano.a(libc_a-sysisatty.o)
                0x80000cf0                isatty
 .text.write    0x80000cf4       0x18 /opt/xpack-riscv-none-elf-gcc-13.2.0-2/bin/../lib/gcc/riscv-none-elf/13.2.0/../../../../riscv-none-elf/lib/rv32ima/ilp32/libg_nano.a(libc_a-syswrite.o)
                0x80000cf4                write
 .text          0x80000d0c       0x1c /opt/xpack-riscv-none-elf-gcc-13.2.0-2/bin/../lib/gcc/riscv-none-elf/13.2.0/../../../../riscv-none-elf/lib/rv32ima/ilp32/libg_nano.a(libc_a-memset.o)
                0x80000d0c                memset
 .text.__register_exitproc
                0x80000d28       0xfc /opt/xpack-riscv-none-elf-gcc-13.2.0-2/bin/../lib/gcc/riscv-none-elf/13.2.0/../../../../riscv-none-elf/lib/rv32ima/ilp32/libg_nano.a(libc_a-__atexit.o)
                0x80000d28                __register_exitproc
 .text.__call_exitprocs
                0x80000e24      0x148 /opt/xpack-riscv-none-elf-gcc-13.2.0-2/bin/../lib/gcc/riscv-none-elf/13.2.0/../../../../riscv-none-elf/lib/rv32ima/ilp32/libg_nano.a(libc_a-__call_atexit.o)
                0x80000e24                __call_exitprocs
 .text._free_r  0x80000f6c       0xfc /opt/xpack-riscv-none-elf-gcc-13.2.0-2/bin/../lib/gcc/riscv-none-elf/13.2.0/../../../../riscv-none-elf/lib/rv32ima/ilp32/libg_nano.a(libc_a-freer.o)
                0x80000f6c                _free_r
 .text.sbrk_aligned
                0x80001068       0x88 /opt/xpack-riscv-none-elf-gcc-13.2.0-2/bin/../lib/gcc/riscv-none-elf/13.2.0/../../../../riscv-none-elf/lib/rv32ima/ilp32/libg_nano.a(libc_a-mallocr.o)
 .text._malloc_r
                0x800010f0      0x1c4 /opt/xpack-riscv-none-elf-gcc-13.2.0-2/bin/../lib/gcc/riscv-none-elf/13.2.0/../../../../riscv-none-elf/lib/rv32ima/ilp32/libg_nano.a(libc_a-mallocr.o)
                0x800010f0                _malloc_r
 .text.__malloc_lock
                0x800012b4        0x8 /opt/xpack-riscv-none-elf-gcc-13.2.0-2/bin/../lib/gcc/riscv-none-elf/13.2.0/../../../../riscv-none-elf/lib/rv32ima/ilp32/libg_nano.a(libc_a-mlock.o)
                0x800012b4                __malloc_lock
 .text.__malloc_unlock
                0x800012bc        0x8 /opt/xpack-riscv-none-elf-gcc-13.2.0-2/bin/../lib/gcc/riscv-none-elf/13.2.0/../../../../riscv-none-elf/lib/rv32ima/ilp32/libg_nano.a(libc_a-mlock.o)
                0x800012bc                __malloc_unlock
 .text.__sfputc_r
                0x800012c4       0x3c /opt/xpack-riscv-none-elf-gcc-13.2.0-2/bin/../lib/gcc/riscv-none-elf/13.2.0/../../../../riscv-none-elf/lib/rv32ima/ilp32/libg_nano.a(libc_a-nano-vfprintf.o)
 .text.__sfputs_r
                0x80001300       0x74 /opt/xpack-riscv-none-elf-gcc-13.2.0-2/bin/../lib/gcc/riscv-none-elf/13.2.0/../../../../riscv-none-elf/lib/rv32ima/ilp32/libg_nano.a(libc_a-nano-vfprintf.o)
                0x80001300                __sfputs_r
 .text._vfprintf_r
                0x80001374      0x3ec /opt/xpack-riscv-none-elf-gcc-13.2.0-2/bin/../lib/gcc/riscv-none-elf/13.2.0/../../../../riscv-none-elf/lib/rv32ima/ilp32/libg_nano.a(libc_a-nano-vfprintf.o)
                0x80001374                _vfiprintf_r
                0x80001374                _vfprintf_r
 .text._printf_common
                0x80001760      0x1b0 /opt/xpack-riscv-none-elf-gcc-13.2.0-2/bin/../lib/gcc/riscv-none-elf/13.2.0/../../../../riscv-none-elf/lib/rv32ima/ilp32/libg_nano.a(libc_a-nano-vfprintf_i.o)
                0x80001760                _printf_common
 .text._printf_i
                0x80001910      0x394 /opt/xpack-riscv-none-elf-gcc-13.2.0-2/bin/../lib/gcc/riscv-none-elf/13.2.0/../../../../riscv-none-elf/lib/rv32ima/ilp32/libg_nano.a(libc_a-nano-vfprintf_i.o)
                0x80001910                _printf_i
 .text.__sflush_r
                0x80001ca4      0x1dc /opt/xpack-riscv-none-elf-gcc-13.2.0-2/bin/../lib/gcc/riscv-none-elf/13.2.0/../../../../riscv-none-elf/lib/rv32ima/ilp32/libg_nano.a(libc_a-fflush.o)
                0x80001ca4                __sflush_r
 .text._fflush_r
                0x80001e80       0xa4 /opt/xpack-riscv-none-elf-gcc-13.2.0-2/bin/../lib/gcc/riscv-none-elf/13.2.0/../../../../riscv-none-elf/lib/rv32ima/ilp32/libg_nano.a(libc_a-fflush.o)
                0x80001e80                _fflush_r
 .text.__swbuf_r
                0x80001f24      0x100 /opt/xpack-riscv-none-elf-gcc-13.2.0-2/bin/../lib/gcc/riscv-none-elf/13.2.0/../../../../riscv-none-elf/lib/rv32ima/ilp32/libg_nano.a(libc_a-wbuf.o)
                0x80001f24                __swbuf_r
 .text.__swsetup_r
                0x80002024      0x124 /opt/xpack-riscv-none-elf-gcc-13.2.0-2/bin/../lib/gcc/riscv-none-elf/13.2.0/../../../../riscv-none-elf/lib/rv32ima/ilp32/libg_nano.a(libc_a-wsetup.o)
                0x80002024                __swsetup_r
 .text.memchr   0x80002148       0x24 /opt/xpack-riscv-none-elf-gcc-13.2.0-2/bin/../lib/gcc/riscv-none-elf/13.2.0/../../../../riscv-none-elf/lib/rv32ima/ilp32/libg_nano.a(libc_a-memchr.o)
                0x80002148                memchr
 .text._sbrk_r  0x8000216c       0x40 /opt/xpack-riscv-none-elf-gcc-13.2.0-2/bin/../lib/gcc/riscv-none-elf/13.2.0/../../../../riscv-none-elf/lib/rv32ima/ilp32/libg_nano.a(libc_a-sbrkr.o)
                0x8000216c                _sbrk_r
 .text.__swhatbuf_r
                0x800021ac       0x90 /opt/xpack-riscv-none-elf-gcc-13.2.0-2/bin/../lib/gcc/riscv-none-elf/13.2.0/../../../../riscv-none-elf/lib/rv32ima/ilp32/libg_nano.a(libc_a-makebuf.o)
                0x800021ac                __swhatbuf_r
 .text.__smakebuf_r
                0x8000223c       0xec /opt/xpack-riscv-none-elf-gcc-13.2.0-2/bin/../lib/gcc/riscv-none-elf/13.2.0/../../../../riscv-none-elf/lib/rv32ima/ilp32/libg_nano.a(libc_a-makebuf.o)
                0x8000223c                __smakebuf_r
 .text._fstat_r
                0x80002328       0x44 /opt/xpack-riscv-none-elf-gcc-13.2.0-2/bin/../lib/gcc/riscv-none-elf/13.2.0/../../../../riscv-none-elf/lib/rv32ima/ilp32/libg_nano.a(libc_a-fstatr.o)
                0x80002328                _fstat_r
 .text._isatty_r
                0x8000236c       0x40 /opt/xpack-riscv-none-elf-gcc-13.2.0-2/bin/../lib/gcc/riscv-none-elf/13.2.0/../../../../riscv-none-elf/lib/rv32ima/ilp32/libg_nano.a(libc_a-isattyr.o)
                0x8000236c                _isatty_r
 *(.gnu.linkonce.t.*)

.rela.dyn       0x800023ac        0x0
 .rela.text._sbrk
                0x800023ac        0x0 ./src/bsp/hbird-e200/stubs/_exit.o
 .rela.sdata.curbrk.0
                0x800023ac        0x0 ./src/bsp/hbird-e200/stubs/_exit.o
 .rela.init     0x800023ac        0x0 ./src/bsp/hbird-e200/stubs/_exit.o
 .rela.text.__libc_init_array
                0x800023ac        0x0 ./src/bsp/hbird-e200/stubs/_exit.o
 .rela.text.__libc_fini_array
                0x800023ac        0x0 ./src/bsp/hbird-e200/stubs/_exit.o
 .rela.text.__register_exitproc
                0x800023ac        0x0 ./src/bsp/hbird-e200/stubs/_exit.o
 .rela.text._vfprintf_r
                0x800023ac        0x0 ./src/bsp/hbird-e200/stubs/_exit.o

.fini
 *(SORT_NONE(.fini))
                0x800023ac                        . = ALIGN (0x4)
                [!provide]                        PROVIDE (__etext = .)
                [!provide]                        PROVIDE (_etext = .)
                [!provide]                        PROVIDE (etext = .)
                0x800023ac                        PROVIDE (_eitcm = .)

.preinit_array  0x800023ac        0x0
                0x800023ac                        PROVIDE (__preinit_array_start = .)
 *(.preinit_array)
                0x800023ac                        PROVIDE (__preinit_array_end = .)

.init_array     0x800023ac        0x0
                0x800023ac                        PROVIDE (__init_array_start = .)
 *(SORT_BY_INIT_PRIORITY(.init_array.*) SORT_BY_INIT_PRIORITY(.ctors.*))
 *(.init_array EXCLUDE_FILE(*crtend?.o *crtend.o *crtbegin?.o *crtbegin.o) .ctors)
                0x800023ac                        PROVIDE (__init_array_end = .)

.fini_array     0x800023ac        0x0
                0x800023ac                        PROVIDE (__fini_array_start = .)
 *(SORT_BY_INIT_PRIORITY(.fini_array.*) SORT_BY_INIT_PRIORITY(.dtors.*))
 *(.fini_array EXCLUDE_FILE(*crtend?.o *crtend.o *crtbegin?.o *crtbegin.o) .dtors)
                0x800023ac                        PROVIDE (__fini_array_end = .)

.ctors
 *crtbegin.o(.ctors)
 *crtbegin?.o(.ctors)
 *(EXCLUDE_FILE(*crtend?.o *crtend.o) .ctors)
 *(SORT_BY_NAME(.ctors.*))
 *(.ctors)

.dtors
 *crtbegin.o(.dtors)
 *crtbegin?.o(.dtors)
 *(EXCLUDE_FILE(*crtend?.o *crtend.o) .dtors)
 *(SORT_BY_NAME(.dtors.*))
 *(.dtors)
                0x800023ac                        . = ALIGN (0x4)
                [!provide]                        PROVIDE (_eitcm = .)

.lalign         0x800023ac        0x0
                0x800023ac                        . = ALIGN (0x4)
                0x800023ac                        PROVIDE (_data_lma = .)

.dalign         0x90000000        0x0 load address 0x800023ac
                0x90000000                        . = ALIGN (0x4)
                0x90000000                        PROVIDE (_data = .)

.data           0x90000000      0xd70 load address 0x800023ac
 *(.rdata)
 *(.rodata .rodata.*)
 .rodata._exit.str1.4
                0x90000000       0x81 ./src/bsp/hbird-e200/stubs/_exit.o
                                 0x23 (size before relaxing)
 .rodata.write_hex.str1.4
                0x90000081        0x3 ./src/bsp/hbird-e200/stubs/write_hex.o
 .rodata.handle_trap.str1.4
                0x90000081        0x6 ./src/bsp/hbird-e200/env/init.o
 .rodata._init.str1.4
                0x90000081       0x15 ./src/bsp/hbird-e200/env/init.o
 *fill*         0x90000081        0x3 
 .rodata.bitmap
                0x90000084      0xc00 ./src/main.o
                0x90000084                bitmap
 .rodata.initial_message
                0x90000c84       0x28 ./src/main.o
                0x90000c84                initial_message
 .rodata._vfprintf_r.str1.4
                0x90000cac       0x13 /opt/xpack-riscv-none-elf-gcc-13.2.0-2/bin/../lib/gcc/riscv-none-elf/13.2.0/../../../../riscv-none-elf/lib/rv32ima/ilp32/libg_nano.a(libc_a-nano-vfprintf.o)
 .rodata._printf_i.str1.4
                0x90000cac       0x25 /opt/xpack-riscv-none-elf-gcc-13.2.0-2/bin/../lib/gcc/riscv-none-elf/13.2.0/../../../../riscv-none-elf/lib/rv32ima/ilp32/libg_nano.a(libc_a-nano-vfprintf_i.o)
 .rodata._printf_i
                0x90000cac       0x58 /opt/xpack-riscv-none-elf-gcc-13.2.0-2/bin/../lib/gcc/riscv-none-elf/13.2.0/../../../../riscv-none-elf/lib/rv32ima/ilp32/libg_nano.a(libc_a-nano-vfprintf_i.o)
 *(.gnu.linkonce.r.*)
 *(.data .data.*)
 .data.__sglue  0x90000d04        0xc /opt/xpack-riscv-none-elf-gcc-13.2.0-2/bin/../lib/gcc/riscv-none-elf/13.2.0/../../../../riscv-none-elf/lib/rv32ima/ilp32/libg_nano.a(libc_a-findfp.o)
                0x90000d04                __sglue
 .data._impure_data
                0x90000d10       0x4c /opt/xpack-riscv-none-elf-gcc-13.2.0-2/bin/../lib/gcc/riscv-none-elf/13.2.0/../../../../riscv-none-elf/lib/rv32ima/ilp32/libg_nano.a(libc_a-impure.o)
                0x90000d10                _impure_data
 *(.gnu.linkonce.d.*)
                0x90000d60                        . = ALIGN (0x8)
 *fill*         0x90000d5c        0x4 
                0x90001560                        PROVIDE (__global_pointer$ = (. + 0x800))
 *(.sdata .sdata.*)
 .sdata.curbrk.0
                0x90000d60        0x4 ./src/bsp/hbird-e200/stubs/sbrk.o
 .sdata._impure_ptr
                0x90000d64        0x4 /opt/xpack-riscv-none-elf-gcc-13.2.0-2/bin/../lib/gcc/riscv-none-elf/13.2.0/../../../../riscv-none-elf/lib/rv32ima/ilp32/libg_nano.a(libc_a-impure.o)
                0x90000d64                _impure_ptr
 .sdata.__atexit_recursive_mutex
                0x90000d68        0x4 /opt/xpack-riscv-none-elf-gcc-13.2.0-2/bin/../lib/gcc/riscv-none-elf/13.2.0/../../../../riscv-none-elf/lib/rv32ima/ilp32/libg_nano.a(libc_a-__call_atexit.o)
                0x90000d68                __atexit_recursive_mutex
 *(.gnu.linkonce.s.*)
                0x90000d70                        . = ALIGN (0x8)
 *fill*         0x90000d6c        0x4 
 *(.srodata.cst16)
 *(.srodata.cst8)
 *(.srodata.cst4)
 *(.srodata.cst2)
 *(.srodata .srodata.*)
                0x90000d70                        . = ALIGN (0x4)
                0x90000d70                        PROVIDE (_edata = .)
                [!provide]                        PROVIDE (edata = .)
                [!provide]                        PROVIDE (_fbss = .)
                0x90000d70                        PROVIDE (__bss_start = .)

.bss            0x90000d70      0x1e4
 *(.sbss*)
 .sbss.__stdio_exit_handler
                0x90000d70        0x4 /opt/xpack-riscv-none-elf-gcc-13.2.0-2/bin/../lib/gcc/riscv-none-elf/13.2.0/../../../../riscv-none-elf/lib/rv32ima/ilp32/libg_nano.a(libc_a-findfp.o)
                0x90000d70                __stdio_exit_handler
 .sbss.errno    0x90000d74        0x4 /opt/xpack-riscv-none-elf-gcc-13.2.0-2/bin/../lib/gcc/riscv-none-elf/13.2.0/../../../../riscv-none-elf/lib/rv32ima/ilp32/libg_nano.a(libc_a-reent.o)
                0x90000d74                errno
 .sbss.__lock___malloc_recursive_mutex
                0x90000d78        0x1 /opt/xpack-riscv-none-elf-gcc-13.2.0-2/bin/../lib/gcc/riscv-none-elf/13.2.0/../../../../riscv-none-elf/lib/rv32ima/ilp32/libg_nano.a(libc_a-lock.o)
                0x90000d78                __lock___malloc_recursive_mutex
 *fill*         0x90000d79        0x3 
 .sbss.__lock___atexit_recursive_mutex
                0x90000d7c        0x1 /opt/xpack-riscv-none-elf-gcc-13.2.0-2/bin/../lib/gcc/riscv-none-elf/13.2.0/../../../../riscv-none-elf/lib/rv32ima/ilp32/libg_nano.a(libc_a-lock.o)
                0x90000d7c                __lock___atexit_recursive_mutex
 *fill*         0x90000d7d        0x3 
 .sbss.__lock___sfp_recursive_mutex
                0x90000d80        0x1 /opt/xpack-riscv-none-elf-gcc-13.2.0-2/bin/../lib/gcc/riscv-none-elf/13.2.0/../../../../riscv-none-elf/lib/rv32ima/ilp32/libg_nano.a(libc_a-lock.o)
                0x90000d80                __lock___sfp_recursive_mutex
 *fill*         0x90000d81        0x3 
 .sbss.__atexit
                0x90000d84        0x4 /opt/xpack-riscv-none-elf-gcc-13.2.0-2/bin/../lib/gcc/riscv-none-elf/13.2.0/../../../../riscv-none-elf/lib/rv32ima/ilp32/libg_nano.a(libc_a-__call_atexit.o)
                0x90000d84                __atexit
 .sbss.__malloc_sbrk_start
                0x90000d88        0x4 /opt/xpack-riscv-none-elf-gcc-13.2.0-2/bin/../lib/gcc/riscv-none-elf/13.2.0/../../../../riscv-none-elf/lib/rv32ima/ilp32/libg_nano.a(libc_a-mallocr.o)
                0x90000d88                __malloc_sbrk_start
 .sbss.__malloc_free_list
                0x90000d8c        0x4 /opt/xpack-riscv-none-elf-gcc-13.2.0-2/bin/../lib/gcc/riscv-none-elf/13.2.0/../../../../riscv-none-elf/lib/rv32ima/ilp32/libg_nano.a(libc_a-mallocr.o)
                0x90000d8c                __malloc_free_list
 *(.gnu.linkonce.sb.*)
 *(.bss .bss.*)
 .bss.__sf      0x90000d90      0x138 /opt/xpack-riscv-none-elf-gcc-13.2.0-2/bin/../lib/gcc/riscv-none-elf/13.2.0/../../../../riscv-none-elf/lib/rv32ima/ilp32/libg_nano.a(libc_a-findfp.o)
                0x90000d90                __sf
 .bss.__atexit0
                0x90000ec8       0x8c /opt/xpack-riscv-none-elf-gcc-13.2.0-2/bin/../lib/gcc/riscv-none-elf/13.2.0/../../../../riscv-none-elf/lib/rv32ima/ilp32/libg_nano.a(libc_a-__atexit.o)
                0x90000ec8                __atexit0
 *(.gnu.linkonce.b.*)
 *(COMMON)
                0x90000f54                        . = ALIGN (0x4)
                0x90000f58                        . = ALIGN (0x8)
                0x90000f58                        PROVIDE (_end = .)
                [!provide]                        PROVIDE (end = .)

.stack          0x90003800      0x800 load address 0x90000f54
                0x90003800                        PROVIDE (_heap_end = .)
                0x00000800                        . = __stack_size
 *fill*         0x90003800      0x800 
                0x90004000                        PROVIDE (_sp = .)
OUTPUT(e203_my_periph_demo.elf elf32-littleriscv)

.debug_info     0x00000000     0x13f1
 .debug_info    0x00000000      0x16e ./src/bsp/hbird-e200/stubs/_exit.o
 .debug_info    0x0000016e       0xc3 ./src/bsp/hbird-e200/stubs/close.o
 .debug_info    0x00000231      0x303 ./src/bsp/hbird-e200/stubs/fstat.o
 .debug_info    0x00000534       0xa5 ./src/bsp/hbird-e200/stubs/isatty.o
 .debug_info    0x000005d9      0x12e ./src/bsp/hbird-e200/stubs/lseek.o
 .debug_info    0x00000707       0xf5 ./src/bsp/hbird-e200/stubs/read.o
 .debug_info    0x000007fc       0xef ./src/bsp/hbird-e200/stubs/sbrk.o
 .debug_info    0x000008eb      0x18b ./src/bsp/hbird-e200/stubs/write.o
 .debug_info    0x00000a76      0x19f ./src/bsp/hbird-e200/stubs/write_hex.o
 .debug_info    0x00000c15       0x25 ./src/bsp/hbird-e200/env/entry.o
 .debug_info    0x00000c3a      0x572 ./src/bsp/hbird-e200/env/init.o
 .debug_info    0x000011ac       0x25 ./src/bsp/hbird-e200/env/start.o
 .debug_info    0x000011d1      0x220 ./src/main.o

.debug_abbrev   0x00000000      0xaf1
 .debug_abbrev  0x00000000       0xf1 ./src/bsp/hbird-e200/stubs/_exit.o
 .debug_abbrev  0x000000f1       0x7c ./src/bsp/hbird-e200/stubs/close.o
 .debug_abbrev  0x0000016d       0xfb ./src/bsp/hbird-e200/stubs/fstat.o
 .debug_abbrev  0x00000268       0x58 ./src/bsp/hbird-e200/stubs/isatty.o
 .debug_abbrev  0x000002c0       0xbd ./src/bsp/hbird-e200/stubs/lseek.o
 .debug_abbrev  0x0000037d       0xa5 ./src/bsp/hbird-e200/stubs/read.o
 .debug_abbrev  0x00000422       0xad ./src/bsp/hbird-e200/stubs/sbrk.o
 .debug_abbrev  0x000004cf       0xfe ./src/bsp/hbird-e200/stubs/write.o
 .debug_abbrev  0x000005cd       0xfb ./src/bsp/hbird-e200/stubs/write_hex.o
 .debug_abbrev  0x000006c8       0x14 ./src/bsp/hbird-e200/env/entry.o
 .debug_abbrev  0x000006dc      0x2d8 ./src/bsp/hbird-e200/env/init.o
 .debug_abbrev  0x000009b4       0x14 ./src/bsp/hbird-e200/env/start.o
 .debug_abbrev  0x000009c8      0x129 ./src/main.o

.debug_loclists
                0x00000000      0x484
 .debug_loclists
                0x00000000       0x1d ./src/bsp/hbird-e200/stubs/_exit.o
 .debug_loclists
                0x0000001d       0x25 ./src/bsp/hbird-e200/stubs/close.o
 .debug_loclists
                0x00000042       0x48 ./src/bsp/hbird-e200/stubs/fstat.o
 .debug_loclists
                0x0000008a       0x2c ./src/bsp/hbird-e200/stubs/isatty.o
 .debug_loclists
                0x000000b6       0x57 ./src/bsp/hbird-e200/stubs/lseek.o
 .debug_loclists
                0x0000010d       0x25 ./src/bsp/hbird-e200/stubs/read.o
 .debug_loclists
                0x00000132       0x25 ./src/bsp/hbird-e200/stubs/sbrk.o
 .debug_loclists
                0x00000157       0xb4 ./src/bsp/hbird-e200/stubs/write.o
 .debug_loclists
                0x0000020b       0x8c ./src/bsp/hbird-e200/stubs/write_hex.o
 .debug_loclists
                0x00000297       0xc1 ./src/bsp/hbird-e200/env/init.o
 .debug_loclists
                0x00000358      0x12c ./src/main.o

.debug_aranges  0x00000000      0x1f8
 .debug_aranges
                0x00000000       0x20 ./src/bsp/hbird-e200/stubs/_exit.o
 .debug_aranges
                0x00000020       0x20 ./src/bsp/hbird-e200/stubs/close.o
 .debug_aranges
                0x00000040       0x20 ./src/bsp/hbird-e200/stubs/fstat.o
 .debug_aranges
                0x00000060       0x20 ./src/bsp/hbird-e200/stubs/isatty.o
 .debug_aranges
                0x00000080       0x20 ./src/bsp/hbird-e200/stubs/lseek.o
 .debug_aranges
                0x000000a0       0x20 ./src/bsp/hbird-e200/stubs/read.o
 .debug_aranges
                0x000000c0       0x20 ./src/bsp/hbird-e200/stubs/sbrk.o
 .debug_aranges
                0x000000e0       0x20 ./src/bsp/hbird-e200/stubs/write.o
 .debug_aranges
                0x00000100       0x20 ./src/bsp/hbird-e200/stubs/write_hex.o
 .debug_aranges
                0x00000120       0x20 ./src/bsp/hbird-e200/env/entry.o
 .debug_aranges
                0x00000140       0x70 ./src/bsp/hbird-e200/env/init.o
 .debug_aranges
                0x000001b0       0x20 ./src/bsp/hbird-e200/env/start.o
 .debug_aranges
                0x000001d0       0x28 ./src/main.o

.debug_rnglists
                0x00000000      0x19b
 .debug_rnglists
                0x00000000       0x14 ./src/bsp/hbird-e200/stubs/_exit.o
 .debug_rnglists
                0x00000014       0x13 ./src/bsp/hbird-e200/stubs/close.o
 .debug_rnglists
                0x00000027       0x13 ./src/bsp/hbird-e200/stubs/fstat.o
 .debug_rnglists
                0x0000003a       0x13 ./src/bsp/hbird-e200/stubs/isatty.o
 .debug_rnglists
                0x0000004d       0x13 ./src/bsp/hbird-e200/stubs/lseek.o
 .debug_rnglists
                0x00000060       0x13 ./src/bsp/hbird-e200/stubs/read.o
 .debug_rnglists
                0x00000073       0x13 ./src/bsp/hbird-e200/stubs/sbrk.o
 .debug_rnglists
                0x00000086       0x20 ./src/bsp/hbird-e200/stubs/write.o
 .debug_rnglists
                0x000000a6       0x29 ./src/bsp/hbird-e200/stubs/write_hex.o
 .debug_rnglists
                0x000000cf       0x88 ./src/bsp/hbird-e200/env/init.o
 .debug_rnglists
                0x00000157       0x44 ./src/main.o

.debug_macro    0x00000000     0x53d9
 .debug_macro   0x00000000      0x1e7 ./src/bsp/hbird-e200/stubs/_exit.o
 .debug_macro   0x000001e7      0x7ba ./src/bsp/hbird-e200/stubs/_exit.o
 .debug_macro   0x000009a1       0x22 ./src/bsp/hbird-e200/stubs/_exit.o
 .debug_macro   0x000009c3       0x8e ./src/bsp/hbird-e200/stubs/_exit.o
 .debug_macro   0x00000a51       0x51 ./src/bsp/hbird-e200/stubs/_exit.o
 .debug_macro   0x00000aa2      0x190 ./src/bsp/hbird-e200/stubs/_exit.o
 .debug_macro   0x00000c32      0x369 ./src/bsp/hbird-e200/stubs/_exit.o
 .debug_macro   0x00000f9b       0x6e ./src/bsp/hbird-e200/stubs/_exit.o
 .debug_macro   0x00001009       0x19 ./src/bsp/hbird-e200/stubs/_exit.o
 .debug_macro   0x00001022       0x3b ./src/bsp/hbird-e200/stubs/_exit.o
 .debug_macro   0x0000105d       0x34 ./src/bsp/hbird-e200/stubs/_exit.o
 .debug_macro   0x00001091       0x10 ./src/bsp/hbird-e200/stubs/_exit.o
 .debug_macro   0x000010a1       0x10 ./src/bsp/hbird-e200/stubs/_exit.o
 .debug_macro   0x000010b1       0x16 ./src/bsp/hbird-e200/stubs/_exit.o
 .debug_macro   0x000010c7       0x4a ./src/bsp/hbird-e200/stubs/_exit.o
 .debug_macro   0x00001111       0x34 ./src/bsp/hbird-e200/stubs/_exit.o
 .debug_macro   0x00001145       0x6a ./src/bsp/hbird-e200/stubs/_exit.o
 .debug_macro   0x000011af       0x1c ./src/bsp/hbird-e200/stubs/_exit.o
 .debug_macro   0x000011cb       0x52 ./src/bsp/hbird-e200/stubs/_exit.o
 .debug_macro   0x0000121d       0x22 ./src/bsp/hbird-e200/stubs/_exit.o
 .debug_macro   0x0000123f       0x10 ./src/bsp/hbird-e200/stubs/_exit.o
 .debug_macro   0x0000124f       0x52 ./src/bsp/hbird-e200/stubs/_exit.o
 .debug_macro   0x000012a1       0xcf ./src/bsp/hbird-e200/stubs/_exit.o
 .debug_macro   0x00001370       0x1c ./src/bsp/hbird-e200/stubs/_exit.o
 .debug_macro   0x0000138c       0x3d ./src/bsp/hbird-e200/stubs/_exit.o
 .debug_macro   0x000013c9      0x51a ./src/bsp/hbird-e200/stubs/_exit.o
 .debug_macro   0x000018e3       0x1c ./src/bsp/hbird-e200/stubs/_exit.o
 .debug_macro   0x000018ff       0x22 ./src/bsp/hbird-e200/stubs/_exit.o
 .debug_macro   0x00001921      0x1a2 ./src/bsp/hbird-e200/stubs/_exit.o
 .debug_macro   0x00001ac3       0x2e ./src/bsp/hbird-e200/stubs/_exit.o
 .debug_macro   0x00001af1       0x70 ./src/bsp/hbird-e200/stubs/_exit.o
 .debug_macro   0x00001b61       0x5e ./src/bsp/hbird-e200/stubs/_exit.o
 .debug_macro   0x00001bbf       0xa0 ./src/bsp/hbird-e200/stubs/_exit.o
 .debug_macro   0x00001c5f      0x130 ./src/bsp/hbird-e200/stubs/_exit.o
 .debug_macro   0x00001d8f       0x58 ./src/bsp/hbird-e200/stubs/_exit.o
 .debug_macro   0x00001de7       0x16 ./src/bsp/hbird-e200/stubs/_exit.o
 .debug_macro   0x00001dfd      0x1fc ./src/bsp/hbird-e200/stubs/_exit.o
 .debug_macro   0x00001ff9      0x103 ./src/bsp/hbird-e200/stubs/_exit.o
 .debug_macro   0x000020fc      0x1df ./src/bsp/hbird-e200/stubs/_exit.o
 .debug_macro   0x000022db       0x20 ./src/bsp/hbird-e200/stubs/_exit.o
 .debug_macro   0x000022fb       0x4c ./src/bsp/hbird-e200/stubs/_exit.o
 .debug_macro   0x00002347       0xe4 ./src/bsp/hbird-e200/stubs/close.o
 .debug_macro   0x0000242b       0x10 ./src/bsp/hbird-e200/stubs/close.o
 .debug_macro   0x0000243b       0x10 ./src/bsp/hbird-e200/stubs/close.o
 .debug_macro   0x0000244b       0x58 ./src/bsp/hbird-e200/stubs/close.o
 .debug_macro   0x000024a3      0x1de ./src/bsp/hbird-e200/stubs/close.o
 .debug_macro   0x00002681      0x23c ./src/bsp/hbird-e200/stubs/close.o
 .debug_macro   0x000028bd      0x1dc ./src/bsp/hbird-e200/stubs/fstat.o
 .debug_macro   0x00002a99       0x16 ./src/bsp/hbird-e200/stubs/fstat.o
 .debug_macro   0x00002aaf       0x3c ./src/bsp/hbird-e200/stubs/fstat.o
 .debug_macro   0x00002aeb       0x10 ./src/bsp/hbird-e200/stubs/fstat.o
 .debug_macro   0x00002afb       0x10 ./src/bsp/hbird-e200/stubs/fstat.o
 .debug_macro   0x00002b0b       0x10 ./src/bsp/hbird-e200/stubs/fstat.o
 .debug_macro   0x00002b1b       0x35 ./src/bsp/hbird-e200/stubs/fstat.o
 .debug_macro   0x00002b50      0x12c ./src/bsp/hbird-e200/stubs/fstat.o
 .debug_macro   0x00002c7c      0x152 ./src/bsp/hbird-e200/stubs/isatty.o
 .debug_macro   0x00002dce      0x194 ./src/bsp/hbird-e200/stubs/lseek.o
 .debug_macro   0x00002f62      0x223 ./src/bsp/hbird-e200/stubs/read.o
 .debug_macro   0x00003185      0x218 ./src/bsp/hbird-e200/stubs/read.o
 .debug_macro   0x0000339d       0x54 ./src/bsp/hbird-e200/stubs/sbrk.o
 .debug_macro   0x000033f1      0x223 ./src/bsp/hbird-e200/stubs/write.o
 .debug_macro   0x00003614      0x1e1 ./src/bsp/hbird-e200/stubs/write_hex.o
 .debug_macro   0x000037f5      0x24e ./src/bsp/hbird-e200/env/init.o
 .debug_macro   0x00003a43       0x10 ./src/bsp/hbird-e200/env/init.o
 .debug_macro   0x00003a53     0x15c4 ./src/bsp/hbird-e200/env/init.o
 .debug_macro   0x00005017      0x267 ./src/main.o
 .debug_macro   0x0000527e      0x15b ./src/main.o

.debug_line     0x00000000     0x18ab
 .debug_line    0x00000000      0x1ac ./src/bsp/hbird-e200/stubs/_exit.o
 .debug_line    0x000001ac       0xbb ./src/bsp/hbird-e200/stubs/close.o
 .debug_line    0x00000267      0x163 ./src/bsp/hbird-e200/stubs/fstat.o
 .debug_line    0x000003ca       0xf0 ./src/bsp/hbird-e200/stubs/isatty.o
 .debug_line    0x000004ba      0x125 ./src/bsp/hbird-e200/stubs/lseek.o
 .debug_line    0x000005df      0x15a ./src/bsp/hbird-e200/stubs/read.o
 .debug_line    0x00000739       0xee ./src/bsp/hbird-e200/stubs/sbrk.o
 .debug_line    0x00000827      0x234 ./src/bsp/hbird-e200/stubs/write.o
 .debug_line    0x00000a5b      0x299 ./src/bsp/hbird-e200/stubs/write_hex.o
 .debug_line    0x00000cf4       0x6e ./src/bsp/hbird-e200/env/entry.o
 .debug_line    0x00000d62      0x68a ./src/bsp/hbird-e200/env/init.o
 .debug_line    0x000013ec      0x134 ./src/bsp/hbird-e200/env/start.o
 .debug_line    0x00001520      0x38b ./src/main.o

.debug_str      0x00000000     0xf754
 .debug_str     0x00000000     0xf754 ./src/bsp/hbird-e200/stubs/_exit.o
                               0x8bad (size before relaxing)
 .debug_str     0x0000f754     0x5e48 ./src/bsp/hbird-e200/stubs/close.o
 .debug_str     0x0000f754     0x7f9c ./src/bsp/hbird-e200/stubs/fstat.o
 .debug_str     0x0000f754     0x6319 ./src/bsp/hbird-e200/stubs/isatty.o
 .debug_str     0x0000f754     0x78e8 ./src/bsp/hbird-e200/stubs/lseek.o
 .debug_str     0x0000f754     0xa145 ./src/bsp/hbird-e200/stubs/read.o
 .debug_str     0x0000f754     0x44b5 ./src/bsp/hbird-e200/stubs/sbrk.o
 .debug_str     0x0000f754     0xa17b ./src/bsp/hbird-e200/stubs/write.o
 .debug_str     0x0000f754     0x8bba ./src/bsp/hbird-e200/stubs/write_hex.o
 .debug_str     0x0000f754       0xad ./src/bsp/hbird-e200/env/entry.o
 .debug_str     0x0000f754     0xecaa ./src/bsp/hbird-e200/env/init.o
 .debug_str     0x0000f754       0xad ./src/bsp/hbird-e200/env/start.o
 .debug_str     0x0000f754     0xa424 ./src/main.o

.debug_line_str
                0x00000000      0x557
 .debug_line_str
                0x00000000      0x557 ./src/bsp/hbird-e200/stubs/_exit.o
                                0x447 (size before relaxing)
 .debug_line_str
                0x00000557      0x2fb ./src/bsp/hbird-e200/stubs/close.o
 .debug_line_str
                0x00000557      0x3a6 ./src/bsp/hbird-e200/stubs/fstat.o
 .debug_line_str
                0x00000557      0x364 ./src/bsp/hbird-e200/stubs/isatty.o
 .debug_line_str
                0x00000557      0x387 ./src/bsp/hbird-e200/stubs/lseek.o
 .debug_line_str
                0x00000557      0x46a ./src/bsp/hbird-e200/stubs/read.o
 .debug_line_str
                0x00000557      0x29d ./src/bsp/hbird-e200/stubs/sbrk.o
 .debug_line_str
                0x00000557      0x46d ./src/bsp/hbird-e200/stubs/write.o
 .debug_line_str
                0x00000557      0x453 ./src/bsp/hbird-e200/stubs/write_hex.o
 .debug_line_str
                0x00000557       0xa1 ./src/bsp/hbird-e200/env/entry.o
 .debug_line_str
                0x00000557      0x459 ./src/bsp/hbird-e200/env/init.o
 .debug_line_str
                0x00000557       0xa1 ./src/bsp/hbird-e200/env/start.o
 .debug_line_str
                0x00000557      0x477 ./src/main.o

.comment        0x00000000       0x33
 .comment       0x00000000       0x33 ./src/bsp/hbird-e200/stubs/_exit.o
                                 0x34 (size before relaxing)
 .comment       0x00000033       0x34 ./src/bsp/hbird-e200/stubs/close.o
 .comment       0x00000033       0x34 ./src/bsp/hbird-e200/stubs/fstat.o
 .comment       0x00000033       0x34 ./src/bsp/hbird-e200/stubs/isatty.o
 .comment       0x00000033       0x34 ./src/bsp/hbird-e200/stubs/lseek.o
 .comment       0x00000033       0x34 ./src/bsp/hbird-e200/stubs/read.o
 .comment       0x00000033       0x34 ./src/bsp/hbird-e200/stubs/sbrk.o
 .comment       0x00000033       0x34 ./src/bsp/hbird-e200/stubs/write.o
 .comment       0x00000033       0x34 ./src/bsp/hbird-e200/stubs/write_hex.o
 .comment       0x00000033       0x34 ./src/bsp/hbird-e200/env/init.o
 .comment       0x00000033       0x34 ./src/main.o
 .comment       0x00000033       0x34 /opt/xpack-riscv-none-elf-gcc-13.2.0-2/bin/../lib/gcc/riscv-none-elf/13.2.0/../../../../riscv-none-elf/lib/rv32ima/ilp32/libg_nano.a(libc_a-atexit.o)
 .comment       0x00000033       0x34 /opt/xpack-riscv-none-elf-gcc-13.2.0-2/bin/../lib/gcc/riscv-none-elf/13.2.0/../../../../riscv-none-elf/lib/rv32ima/ilp32/libg_nano.a(libc_a-exit.o)
 .comment       0x00000033       0x34 /opt/xpack-riscv-none-elf-gcc-13.2.0-2/bin/../lib/gcc/riscv-none-elf/13.2.0/../../../../riscv-none-elf/lib/rv32ima/ilp32/libg_nano.a(libc_a-findfp.o)
 .comment       0x00000033       0x34 /opt/xpack-riscv-none-elf-gcc-13.2.0-2/bin/../lib/gcc/riscv-none-elf/13.2.0/../../../../riscv-none-elf/lib/rv32ima/ilp32/libg_nano.a(libc_a-fwalk.o)
 .comment       0x00000033       0x34 /opt/xpack-riscv-none-elf-gcc-13.2.0-2/bin/../lib/gcc/riscv-none-elf/13.2.0/../../../../riscv-none-elf/lib/rv32ima/ilp32/libg_nano.a(libc_a-printf.o)
 .comment       0x00000033       0x34 /opt/xpack-riscv-none-elf-gcc-13.2.0-2/bin/../lib/gcc/riscv-none-elf/13.2.0/../../../../riscv-none-elf/lib/rv32ima/ilp32/libg_nano.a(libc_a-stdio.o)
 .comment       0x00000033       0x34 /opt/xpack-riscv-none-elf-gcc-13.2.0-2/bin/../lib/gcc/riscv-none-elf/13.2.0/../../../../riscv-none-elf/lib/rv32ima/ilp32/libg_nano.a(libc_a-closer.o)
 .comment       0x00000033       0x34 /opt/xpack-riscv-none-elf-gcc-13.2.0-2/bin/../lib/gcc/riscv-none-elf/13.2.0/../../../../riscv-none-elf/lib/rv32ima/ilp32/libg_nano.a(libc_a-reent.o)
 .comment       0x00000033       0x34 /opt/xpack-riscv-none-elf-gcc-13.2.0-2/bin/../lib/gcc/riscv-none-elf/13.2.0/../../../../riscv-none-elf/lib/rv32ima/ilp32/libg_nano.a(libc_a-impure.o)
 .comment       0x00000033       0x34 /opt/xpack-riscv-none-elf-gcc-13.2.0-2/bin/../lib/gcc/riscv-none-elf/13.2.0/../../../../riscv-none-elf/lib/rv32ima/ilp32/libg_nano.a(libc_a-lseekr.o)
 .comment       0x00000033       0x34 /opt/xpack-riscv-none-elf-gcc-13.2.0-2/bin/../lib/gcc/riscv-none-elf/13.2.0/../../../../riscv-none-elf/lib/rv32ima/ilp32/libg_nano.a(libc_a-readr.o)
 .comment       0x00000033       0x34 /opt/xpack-riscv-none-elf-gcc-13.2.0-2/bin/../lib/gcc/riscv-none-elf/13.2.0/../../../../riscv-none-elf/lib/rv32ima/ilp32/libg_nano.a(libc_a-writer.o)
 .comment       0x00000033       0x34 /opt/xpack-riscv-none-elf-gcc-13.2.0-2/bin/../lib/gcc/riscv-none-elf/13.2.0/../../../../riscv-none-elf/lib/rv32ima/ilp32/libg_nano.a(libc_a-init.o)
 .comment       0x00000033       0x34 /opt/xpack-riscv-none-elf-gcc-13.2.0-2/bin/../lib/gcc/riscv-none-elf/13.2.0/../../../../riscv-none-elf/lib/rv32ima/ilp32/libg_nano.a(libc_a-fini.o)
 .comment       0x00000033       0x34 /opt/xpack-riscv-none-elf-gcc-13.2.0-2/bin/../lib/gcc/riscv-none-elf/13.2.0/../../../../riscv-none-elf/lib/rv32ima/ilp32/libg_nano.a(libc_a-lock.o)
 .comment       0x00000033       0x34 /opt/xpack-riscv-none-elf-gcc-13.2.0-2/bin/../lib/gcc/riscv-none-elf/13.2.0/../../../../riscv-none-elf/lib/rv32ima/ilp32/libg_nano.a(libc_a-sysisatty.o)
 .comment       0x00000033       0x34 /opt/xpack-riscv-none-elf-gcc-13.2.0-2/bin/../lib/gcc/riscv-none-elf/13.2.0/../../../../riscv-none-elf/lib/rv32ima/ilp32/libg_nano.a(libc_a-syswrite.o)
 .comment       0x00000033       0x34 /opt/xpack-riscv-none-elf-gcc-13.2.0-2/bin/../lib/gcc/riscv-none-elf/13.2.0/../../../../riscv-none-elf/lib/rv32ima/ilp32/libg_nano.a(libc_a-__atexit.o)
 .comment       0x00000033       0x34 /opt/xpack-riscv-none-elf-gcc-13.2.0-2/bin/../lib/gcc/riscv-none-elf/13.2.0/../../../../riscv-none-elf/lib/rv32ima/ilp32/libg_nano.a(libc_a-__call_atexit.o)
 .comment       0x00000033       0x34 /opt/xpack-riscv-none-elf-gcc-13.2.0-2/bin/../lib/gcc/riscv-none-elf/13.2.0/../../../../riscv-none-elf/lib/rv32ima/ilp32/libg_nano.a(libc_a-freer.o)
 .comment       0x00000033       0x34 /opt/xpack-riscv-none-elf-gcc-13.2.0-2/bin/../lib/gcc/riscv-none-elf/13.2.0/../../../../riscv-none-elf/lib/rv32ima/ilp32/libg_nano.a(libc_a-mallocr.o)
 .comment       0x00000033       0x34 /opt/xpack-riscv-none-elf-gcc-13.2.0-2/bin/../lib/gcc/riscv-none-elf/13.2.0/../../../../riscv-none-elf/lib/rv32ima/ilp32/libg_nano.a(libc_a-mlock.o)
 .comment       0x00000033       0x34 /opt/xpack-riscv-none-elf-gcc-13.2.0-2/bin/../lib/gcc/riscv-none-elf/13.2.0/../../../../riscv-none-elf/lib/rv32ima/ilp32/libg_nano.a(libc_a-nano-vfprintf.o)
 .comment       0x00000033       0x34 /opt/xpack-riscv-none-elf-gcc-13.2.0-2/bin/../lib/gcc/riscv-none-elf/13.2.0/../../../../riscv-none-elf/lib/rv32ima/ilp32/libg_nano.a(libc_a-nano-vfprintf_i.o)
 .comment       0x00000033       0x34 /opt/xpack-riscv-none-elf-gcc-13.2.0-2/bin/../lib/gcc/riscv-none-elf/13.2.0/../../../../riscv-none-elf/lib/rv32ima/ilp32/libg_nano.a(libc_a-fflush.o)
 .comment       0x00000033       0x34 /opt/xpack-riscv-none-elf-gcc-13.2.0-2/bin/../lib/gcc/riscv-none-elf/13.2.0/../../../../riscv-none-elf/lib/rv32ima/ilp32/libg_nano.a(libc_a-wbuf.o)
 .comment       0x00000033       0x34 /opt/xpack-riscv-none-elf-gcc-13.2.0-2/bin/../lib/gcc/riscv-none-elf/13.2.0/../../../../riscv-none-elf/lib/rv32ima/ilp32/libg_nano.a(libc_a-wsetup.o)
 .comment       0x00000033       0x34 /opt/xpack-riscv-none-elf-gcc-13.2.0-2/bin/../lib/gcc/riscv-none-elf/13.2.0/../../../../riscv-none-elf/lib/rv32ima/ilp32/libg_nano.a(libc_a-memchr.o)
 .comment       0x00000033       0x34 /opt/xpack-riscv-none-elf-gcc-13.2.0-2/bin/../lib/gcc/riscv-none-elf/13.2.0/../../../../riscv-none-elf/lib/rv32ima/ilp32/libg_nano.a(libc_a-sbrkr.o)
 .comment       0x00000033       0x34 /opt/xpack-riscv-none-elf-gcc-13.2.0-2/bin/../lib/gcc/riscv-none-elf/13.2.0/../../../../riscv-none-elf/lib/rv32ima/ilp32/libg_nano.a(libc_a-makebuf.o)
 .comment       0x00000033       0x34 /opt/xpack-riscv-none-elf-gcc-13.2.0-2/bin/../lib/gcc/riscv-none-elf/13.2.0/../../../../riscv-none-elf/lib/rv32ima/ilp32/libg_nano.a(libc_a-fstatr.o)
 .comment       0x00000033       0x34 /opt/xpack-riscv-none-elf-gcc-13.2.0-2/bin/../lib/gcc/riscv-none-elf/13.2.0/../../../../riscv-none-elf/lib/rv32ima/ilp32/libg_nano.a(libc_a-isattyr.o)

.riscv.attributes
                0x00000000       0x3c
 .riscv.attributes
                0x00000000       0x38 ./src/bsp/hbird-e200/stubs/_exit.o
 .riscv.attributes
                0x00000038       0x38 ./src/bsp/hbird-e200/stubs/close.o
 .riscv.attributes
                0x00000070       0x38 ./src/bsp/hbird-e200/stubs/fstat.o
 .riscv.attributes
                0x000000a8       0x38 ./src/bsp/hbird-e200/stubs/isatty.o
 .riscv.attributes
                0x000000e0       0x38 ./src/bsp/hbird-e200/stubs/lseek.o
 .riscv.attributes
                0x00000118       0x38 ./src/bsp/hbird-e200/stubs/read.o
 .riscv.attributes
                0x00000150       0x38 ./src/bsp/hbird-e200/stubs/sbrk.o
 .riscv.attributes
                0x00000188       0x38 ./src/bsp/hbird-e200/stubs/write.o
 .riscv.attributes
                0x000001c0       0x38 ./src/bsp/hbird-e200/stubs/write_hex.o
 .riscv.attributes
                0x000001f8       0x3a ./src/bsp/hbird-e200/env/entry.o
 .riscv.attributes
                0x00000232       0x3c ./src/bsp/hbird-e200/env/init.o
 .riscv.attributes
                0x0000026e       0x3a ./src/bsp/hbird-e200/env/start.o
 .riscv.attributes
                0x000002a8       0x38 ./src/main.o
 .riscv.attributes
                0x000002e0       0x2f /opt/xpack-riscv-none-elf-gcc-13.2.0-2/bin/../lib/gcc/riscv-none-elf/13.2.0/../../../../riscv-none-elf/lib/rv32ima/ilp32/libg_nano.a(libc_a-atexit.o)
 .riscv.attributes
                0x0000030f       0x2f /opt/xpack-riscv-none-elf-gcc-13.2.0-2/bin/../lib/gcc/riscv-none-elf/13.2.0/../../../../riscv-none-elf/lib/rv32ima/ilp32/libg_nano.a(libc_a-exit.o)
 .riscv.attributes
                0x0000033e       0x2f /opt/xpack-riscv-none-elf-gcc-13.2.0-2/bin/../lib/gcc/riscv-none-elf/13.2.0/../../../../riscv-none-elf/lib/rv32ima/ilp32/libg_nano.a(libc_a-findfp.o)
 .riscv.attributes
                0x0000036d       0x2f /opt/xpack-riscv-none-elf-gcc-13.2.0-2/bin/../lib/gcc/riscv-none-elf/13.2.0/../../../../riscv-none-elf/lib/rv32ima/ilp32/libg_nano.a(libc_a-fwalk.o)
 .riscv.attributes
                0x0000039c       0x2f /opt/xpack-riscv-none-elf-gcc-13.2.0-2/bin/../lib/gcc/riscv-none-elf/13.2.0/../../../../riscv-none-elf/lib/rv32ima/ilp32/libg_nano.a(libc_a-printf.o)
 .riscv.attributes
                0x000003cb       0x2f /opt/xpack-riscv-none-elf-gcc-13.2.0-2/bin/../lib/gcc/riscv-none-elf/13.2.0/../../../../riscv-none-elf/lib/rv32ima/ilp32/libg_nano.a(libc_a-stdio.o)
 .riscv.attributes
                0x000003fa       0x2f /opt/xpack-riscv-none-elf-gcc-13.2.0-2/bin/../lib/gcc/riscv-none-elf/13.2.0/../../../../riscv-none-elf/lib/rv32ima/ilp32/libg_nano.a(libc_a-closer.o)
 .riscv.attributes
                0x00000429       0x2f /opt/xpack-riscv-none-elf-gcc-13.2.0-2/bin/../lib/gcc/riscv-none-elf/13.2.0/../../../../riscv-none-elf/lib/rv32ima/ilp32/libg_nano.a(libc_a-reent.o)
 .riscv.attributes
                0x00000458       0x2f /opt/xpack-riscv-none-elf-gcc-13.2.0-2/bin/../lib/gcc/riscv-none-elf/13.2.0/../../../../riscv-none-elf/lib/rv32ima/ilp32/libg_nano.a(libc_a-impure.o)
 .riscv.attributes
                0x00000487       0x2f /opt/xpack-riscv-none-elf-gcc-13.2.0-2/bin/../lib/gcc/riscv-none-elf/13.2.0/../../../../riscv-none-elf/lib/rv32ima/ilp32/libg_nano.a(libc_a-lseekr.o)
 .riscv.attributes
                0x000004b6       0x2f /opt/xpack-riscv-none-elf-gcc-13.2.0-2/bin/../lib/gcc/riscv-none-elf/13.2.0/../../../../riscv-none-elf/lib/rv32ima/ilp32/libg_nano.a(libc_a-readr.o)
 .riscv.attributes
                0x000004e5       0x2f /opt/xpack-riscv-none-elf-gcc-13.2.0-2/bin/../lib/gcc/riscv-none-elf/13.2.0/../../../../riscv-none-elf/lib/rv32ima/ilp32/libg_nano.a(libc_a-writer.o)
 .riscv.attributes
                0x00000514       0x2f /opt/xpack-riscv-none-elf-gcc-13.2.0-2/bin/../lib/gcc/riscv-none-elf/13.2.0/../../../../riscv-none-elf/lib/rv32ima/ilp32/libg_nano.a(libc_a-init.o)
 .riscv.attributes
                0x00000543       0x2f /opt/xpack-riscv-none-elf-gcc-13.2.0-2/bin/../lib/gcc/riscv-none-elf/13.2.0/../../../../riscv-none-elf/lib/rv32ima/ilp32/libg_nano.a(libc_a-fini.o)
 .riscv.attributes
                0x00000572       0x2f /opt/xpack-riscv-none-elf-gcc-13.2.0-2/bin/../lib/gcc/riscv-none-elf/13.2.0/../../../../riscv-none-elf/lib/rv32ima/ilp32/libg_nano.a(libc_a-lock.o)
 .riscv.attributes
                0x000005a1       0x2f /opt/xpack-riscv-none-elf-gcc-13.2.0-2/bin/../lib/gcc/riscv-none-elf/13.2.0/../../../../riscv-none-elf/lib/rv32ima/ilp32/libg_nano.a(libc_a-sysisatty.o)
 .riscv.attributes
                0x000005d0       0x2f /opt/xpack-riscv-none-elf-gcc-13.2.0-2/bin/../lib/gcc/riscv-none-elf/13.2.0/../../../../riscv-none-elf/lib/rv32ima/ilp32/libg_nano.a(libc_a-syswrite.o)
 .riscv.attributes
                0x000005ff       0x2d /opt/xpack-riscv-none-elf-gcc-13.2.0-2/bin/../lib/gcc/riscv-none-elf/13.2.0/../../../../riscv-none-elf/lib/rv32ima/ilp32/libg_nano.a(libc_a-memset.o)
 .riscv.attributes
                0x0000062c       0x2f /opt/xpack-riscv-none-elf-gcc-13.2.0-2/bin/../lib/gcc/riscv-none-elf/13.2.0/../../../../riscv-none-elf/lib/rv32ima/ilp32/libg_nano.a(libc_a-__atexit.o)
 .riscv.attributes
                0x0000065b       0x2f /opt/xpack-riscv-none-elf-gcc-13.2.0-2/bin/../lib/gcc/riscv-none-elf/13.2.0/../../../../riscv-none-elf/lib/rv32ima/ilp32/libg_nano.a(libc_a-__call_atexit.o)
 .riscv.attributes
                0x0000068a       0x2f /opt/xpack-riscv-none-elf-gcc-13.2.0-2/bin/../lib/gcc/riscv-none-elf/13.2.0/../../../../riscv-none-elf/lib/rv32ima/ilp32/libg_nano.a(libc_a-freer.o)
 .riscv.attributes
                0x000006b9       0x2f /opt/xpack-riscv-none-elf-gcc-13.2.0-2/bin/../lib/gcc/riscv-none-elf/13.2.0/../../../../riscv-none-elf/lib/rv32ima/ilp32/libg_nano.a(libc_a-mallocr.o)
 .riscv.attributes
                0x000006e8       0x2f /opt/xpack-riscv-none-elf-gcc-13.2.0-2/bin/../lib/gcc/riscv-none-elf/13.2.0/../../../../riscv-none-elf/lib/rv32ima/ilp32/libg_nano.a(libc_a-mlock.o)
 .riscv.attributes
                0x00000717       0x2f /opt/xpack-riscv-none-elf-gcc-13.2.0-2/bin/../lib/gcc/riscv-none-elf/13.2.0/../../../../riscv-none-elf/lib/rv32ima/ilp32/libg_nano.a(libc_a-nano-vfprintf.o)
 .riscv.attributes
                0x00000746       0x2f /opt/xpack-riscv-none-elf-gcc-13.2.0-2/bin/../lib/gcc/riscv-none-elf/13.2.0/../../../../riscv-none-elf/lib/rv32ima/ilp32/libg_nano.a(libc_a-nano-vfprintf_i.o)
 .riscv.attributes
                0x00000775       0x2f /opt/xpack-riscv-none-elf-gcc-13.2.0-2/bin/../lib/gcc/riscv-none-elf/13.2.0/../../../../riscv-none-elf/lib/rv32ima/ilp32/libg_nano.a(libc_a-fflush.o)
 .riscv.attributes
                0x000007a4       0x2f /opt/xpack-riscv-none-elf-gcc-13.2.0-2/bin/../lib/gcc/riscv-none-elf/13.2.0/../../../../riscv-none-elf/lib/rv32ima/ilp32/libg_nano.a(libc_a-wbuf.o)
 .riscv.attributes
                0x000007d3       0x2f /opt/xpack-riscv-none-elf-gcc-13.2.0-2/bin/../lib/gcc/riscv-none-elf/13.2.0/../../../../riscv-none-elf/lib/rv32ima/ilp32/libg_nano.a(libc_a-wsetup.o)
 .riscv.attributes
                0x00000802       0x2f /opt/xpack-riscv-none-elf-gcc-13.2.0-2/bin/../lib/gcc/riscv-none-elf/13.2.0/../../../../riscv-none-elf/lib/rv32ima/ilp32/libg_nano.a(libc_a-memchr.o)
 .riscv.attributes
                0x00000831       0x2f /opt/xpack-riscv-none-elf-gcc-13.2.0-2/bin/../lib/gcc/riscv-none-elf/13.2.0/../../../../riscv-none-elf/lib/rv32ima/ilp32/libg_nano.a(libc_a-sbrkr.o)
 .riscv.attributes
                0x00000860       0x2f /opt/xpack-riscv-none-elf-gcc-13.2.0-2/bin/../lib/gcc/riscv-none-elf/13.2.0/../../../../riscv-none-elf/lib/rv32ima/ilp32/libg_nano.a(libc_a-makebuf.o)
 .riscv.attributes
                0x0000088f       0x2f /opt/xpack-riscv-none-elf-gcc-13.2.0-2/bin/../lib/gcc/riscv-none-elf/13.2.0/../../../../riscv-none-elf/lib/rv32ima/ilp32/libg_nano.a(libc_a-fstatr.o)
 .riscv.attributes
                0x000008be       0x2f /opt/xpack-riscv-none-elf-gcc-13.2.0-2/bin/../lib/gcc/riscv-none-elf/13.2.0/../../../../riscv-none-elf/lib/rv32ima/ilp32/libg_nano.a(libc_a-isattyr.o)

.debug_frame    0x00000000      0x2c0
 .debug_frame   0x00000000       0x2c ./src/bsp/hbird-e200/stubs/_exit.o
 .debug_frame   0x0000002c       0x20 ./src/bsp/hbird-e200/stubs/close.o
 .debug_frame   0x0000004c       0x34 ./src/bsp/hbird-e200/stubs/fstat.o
 .debug_frame   0x00000080       0x20 ./src/bsp/hbird-e200/stubs/isatty.o
 .debug_frame   0x000000a0       0x2c ./src/bsp/hbird-e200/stubs/lseek.o
 .debug_frame   0x000000cc       0x20 ./src/bsp/hbird-e200/stubs/read.o
 .debug_frame   0x000000ec       0x20 ./src/bsp/hbird-e200/stubs/sbrk.o
 .debug_frame   0x0000010c       0x38 ./src/bsp/hbird-e200/stubs/write.o
 .debug_frame   0x00000144       0x48 ./src/bsp/hbird-e200/stubs/write_hex.o
 .debug_frame   0x0000018c       0xfc ./src/bsp/hbird-e200/env/init.o
 .debug_frame   0x00000288       0x38 ./src/main.o
